DEBUG 2026-06-23 20:21:44,068 django.db.backends (0.000) 
            SELECT name, type FROM sqlite_master
            WHERE type in ('table', 'view') AND NOT name='sqlite_sequence'
            ORDER BY name; args=None; alias=default
DEBUG 2026-06-23 20:21:44,078 django.db.backends (0.000) SELECT "django_migrations"."id", "django_migrations"."app", "django_migrations"."name", "django_migrations"."applied" FROM "django_migrations"; args=(); alias=default
DEBUG 2026-06-23 20:23:34,353 django.db.backends (0.000) SELECT "task_manager_task"."id", "task_manager_task"."title", "task_manager_task"."description", "task_manager_task"."status", "task_manager_task"."deadline", "task_manager_task"."created_at" FROM "task_manager_task" ORDER BY "task_manager_task"."created_at" DESC LIMIT 21; args=(); alias=default
DEBUG 2026-06-23 20:23:34,354 django.db.backends (0.000) SELECT "task_manager_task"."id", "task_manager_task"."title", "task_manager_task"."description", "task_manager_task"."status", "task_manager_task"."deadline", "task_manager_task"."created_at" FROM "task_manager_task" ORDER BY "task_manager_task"."created_at" DESC LIMIT 21; args=(); alias=default
DEBUG 2026-06-23 20:23:34,355 django.db.backends (0.000) SELECT "task_manager_task"."id", "task_manager_task"."title", "task_manager_task"."description", "task_manager_task"."status", "task_manager_task"."deadline", "task_manager_task"."created_at" FROM "task_manager_task" ORDER BY "task_manager_task"."created_at" DESC LIMIT 21; args=(); alias=default
DEBUG 2026-06-23 20:23:34,355 django.db.backends (0.000) SELECT "task_manager_task"."id", "task_manager_task"."title", "task_manager_task"."description", "task_manager_task"."status", "task_manager_task"."deadline", "task_manager_task"."created_at" FROM "task_manager_task" ORDER BY "task_manager_task"."created_at" DESC LIMIT 21; args=(); alias=default
DEBUG 2026-06-23 20:23:34,356 django.db.backends (0.000) SELECT "task_manager_task"."id", "task_manager_task"."title", "task_manager_task"."description", "task_manager_task"."status", "task_manager_task"."deadline", "task_manager_task"."created_at" FROM "task_manager_task" ORDER BY "task_manager_task"."created_at" DESC LIMIT 21; args=(); alias=default
DEBUG 2026-06-23 20:27:23,302 django.db.backends (0.000) 
            SELECT name, type FROM sqlite_master
            WHERE type in ('table', 'view') AND NOT name='sqlite_sequence'
            ORDER BY name; args=None; alias=default
DEBUG 2026-06-23 20:27:23,304 django.db.backends (0.000) SELECT "django_migrations"."id", "django_migrations"."app", "django_migrations"."name", "django_migrations"."applied" FROM "django_migrations"; args=(); alias=default
DEBUG 2026-06-23 20:27:54,995 django.db.backends (0.000) 
            SELECT name, type FROM sqlite_master
            WHERE type in ('table', 'view') AND NOT name='sqlite_sequence'
            ORDER BY name; args=None; alias=default
DEBUG 2026-06-23 20:27:54,997 django.db.backends (0.000) SELECT "django_migrations"."id", "django_migrations"."app", "django_migrations"."name", "django_migrations"."applied" FROM "django_migrations"; args=(); alias=default
DEBUG 2026-06-23 20:29:39,282 django.db.backends (0.000) 
            SELECT name, type FROM sqlite_master
            WHERE type in ('table', 'view') AND NOT name='sqlite_sequence'
            ORDER BY name; args=None; alias=default
DEBUG 2026-06-23 20:29:39,284 django.db.backends (0.000) SELECT "django_migrations"."id", "django_migrations"."app", "django_migrations"."name", "django_migrations"."applied" FROM "django_migrations"; args=(); alias=default
DEBUG 2026-06-23 20:35:43,016 django.db.backends (0.000) 
            SELECT name, type FROM sqlite_master
            WHERE type in ('table', 'view') AND NOT name='sqlite_sequence'
            ORDER BY name; args=None; alias=default
DEBUG 2026-06-23 20:35:43,018 django.db.backends (0.000) SELECT "django_migrations"."id", "django_migrations"."app", "django_migrations"."name", "django_migrations"."applied" FROM "django_migrations"; args=(); alias=default
DEBUG 2026-06-23 20:35:58,176 django.db.backends (0.000) SELECT "task_manager_task"."id", "task_manager_task"."title", "task_manager_task"."description", "task_manager_task"."status", "task_manager_task"."deadline", "task_manager_task"."created_at" FROM "task_manager_task" ORDER BY "task_manager_task"."created_at" DESC LIMIT 7; args=(); alias=default
DEBUG 2026-06-23 20:37:13,027 django.db.backends (0.000) SELECT "task_manager_task"."id", "task_manager_task"."title", "task_manager_task"."description", "task_manager_task"."status", "task_manager_task"."deadline", "task_manager_task"."created_at" FROM "task_manager_task" WHERE "task_manager_task"."id" = 1 LIMIT 21; args=(1,); alias=default
DEBUG 2026-06-23 20:37:25,112 django.db.backends (0.000) SELECT "task_manager_task"."id", "task_manager_task"."title", "task_manager_task"."description", "task_manager_task"."status", "task_manager_task"."deadline", "task_manager_task"."created_at" FROM "task_manager_task" WHERE "task_manager_task"."id" = 1 LIMIT 21; args=(1,); alias=default
DEBUG 2026-06-23 20:37:25,123 django.db.backends (0.000) UPDATE "task_manager_task" SET "title" = 'Finish Django Homework', "description" = 'Complete the Task Manager project, create models, make migrations, and push to GitHub.', "status" = 'Done', "deadline" = '2026-05-11 09:37:16', "created_at" = '2026-05-11 09:37:28.829628' WHERE "task_manager_task"."id" = 1; args=('Finish Django Homework', 'Complete the Task Manager project, create models, make migrations, and push to GitHub.', 'Done', '2026-05-11 09:37:16', '2026-05-11 09:37:28.829628', 1); alias=default
DEBUG 2026-06-24 06:00:43,451 django.db.backends (0.000) 
            SELECT name, type FROM sqlite_master
            WHERE type in ('table', 'view') AND NOT name='sqlite_sequence'
            ORDER BY name; args=None; alias=default
DEBUG 2026-06-24 06:00:43,456 django.db.backends (0.000) SELECT "django_migrations"."id", "django_migrations"."app", "django_migrations"."name", "django_migrations"."applied" FROM "django_migrations"; args=(); alias=default
DEBUG 2026-06-24 06:02:26,260 django.db.backends (0.000) 
            SELECT name, type FROM sqlite_master
            WHERE type in ('table', 'view') AND NOT name='sqlite_sequence'
            ORDER BY name; args=None; alias=default
DEBUG 2026-06-24 06:02:26,291 django.db.backends (0.000) SELECT "django_migrations"."id", "django_migrations"."app", "django_migrations"."name", "django_migrations"."applied" FROM "django_migrations"; args=(); alias=default
DEBUG 2026-06-24 06:04:46,494 django.db.backends (0.000) SELECT "task_manager_task"."id", "task_manager_task"."title", "task_manager_task"."description", "task_manager_task"."status", "task_manager_task"."deadline", "task_manager_task"."created_at" FROM "task_manager_task" ORDER BY "task_manager_task"."created_at" DESC LIMIT 7; args=(); alias=default
DEBUG 2026-06-24 06:08:36,254 django.db.backends (0.000) SELECT 1 AS "a" FROM "task_manager_task" WHERE "task_manager_task"."title" = 'Play Tennis' LIMIT 1; args=(1, 'Play Tennis'); alias=default
DEBUG 2026-06-24 06:08:36,259 django.db.backends (0.000) INSERT INTO "task_manager_task" ("title", "description", "status", "deadline", "created_at") VALUES ('Play Tennis', 'Play Tennis', 'New', '2026-06-28 06:07:00', '2026-06-24 04:08:36.257643') RETURNING "task_manager_task"."id"; args=('Play Tennis', 'Play Tennis', 'New', '2026-06-28 06:07:00', '2026-06-24 04:08:36.257643'); alias=default
DEBUG 2026-06-24 06:11:29,325 django.db.backends (0.000) SELECT 1 AS "a" FROM "task_manager_task" WHERE "task_manager_task"."title" = 'Buy a groceries' LIMIT 1; args=(1, 'Buy a groceries'); alias=default
DEBUG 2026-06-24 06:11:29,330 django.db.backends (0.000) INSERT INTO "task_manager_task" ("title", "description", "status", "deadline", "created_at") VALUES ('Buy a groceries', 'Milk and Bread', 'New', '2026-06-26 06:07:00', '2026-06-24 04:11:29.327637') RETURNING "task_manager_task"."id"; args=('Buy a groceries', 'Milk and Bread', 'New', '2026-06-26 06:07:00', '2026-06-24 04:11:29.327637'); alias=default
DEBUG 2026-06-24 06:11:54,672 django.db.backends (0.000) SELECT "task_manager_task"."id", "task_manager_task"."title", "task_manager_task"."description", "task_manager_task"."status", "task_manager_task"."deadline", "task_manager_task"."created_at" FROM "task_manager_task" ORDER BY "task_manager_task"."created_at" DESC LIMIT 7; args=(); alias=default
DEBUG 2026-06-24 06:12:03,067 django.db.backends (0.000) SELECT "task_manager_task"."id", "task_manager_task"."title", "task_manager_task"."description", "task_manager_task"."status", "task_manager_task"."deadline", "task_manager_task"."created_at" FROM "task_manager_task" WHERE "task_manager_task"."created_at" < '2026-05-11 09:38:20.707774' ORDER BY "task_manager_task"."created_at" DESC LIMIT 7; args=('2026-05-11 09:38:20.707774',); alias=default
DEBUG 2026-06-24 06:13:49,234 django.db.backends (0.000) SELECT "task_manager_subtask"."id", "task_manager_subtask"."title", "task_manager_subtask"."description", "task_manager_subtask"."task_id", "task_manager_subtask"."status", "task_manager_subtask"."deadline", "task_manager_subtask"."created_at" FROM "task_manager_subtask" ORDER BY "task_manager_subtask"."created_at" DESC LIMIT 7; args=(); alias=default
DEBUG 2026-06-24 06:13:49,241 django.db.backends (0.000) SELECT "task_manager_task"."id", "task_manager_task"."title", "task_manager_task"."description", "task_manager_task"."status", "task_manager_task"."deadline", "task_manager_task"."created_at" FROM "task_manager_task" ORDER BY "task_manager_task"."created_at" DESC LIMIT 1000; args=(); alias=default
DEBUG 2026-06-24 06:16:19,855 django.db.backends (0.000) SELECT "task_manager_task"."id", "task_manager_task"."title", "task_manager_task"."description", "task_manager_task"."status", "task_manager_task"."deadline", "task_manager_task"."created_at" FROM "task_manager_task" WHERE "task_manager_task"."id" = 9 LIMIT 21; args=(9,); alias=default
DEBUG 2026-06-24 06:16:19,859 django.db.backends (0.000) SELECT 1 AS "a" FROM "task_manager_subtask" WHERE "task_manager_subtask"."title" = 'Check your fridge' LIMIT 1; args=(1, 'Check your fridge'); alias=default
DEBUG 2026-06-24 06:16:19,862 django.db.backends (0.000) INSERT INTO "task_manager_subtask" ("title", "description", "task_id", "status", "deadline", "created_at") VALUES ('Check your fridge', 'In REWE', 9, 'New', '2026-06-28 06:14:00', '2026-06-24 04:16:19.862137') RETURNING "task_manager_subtask"."id"; args=('Check your fridge', 'In REWE', 9, 'New', '2026-06-28 06:14:00', '2026-06-24 04:16:19.862137'); alias=default
DEBUG 2026-06-24 06:16:19,875 django.db.backends (0.000) SELECT "task_manager_task"."id", "task_manager_task"."title", "task_manager_task"."description", "task_manager_task"."status", "task_manager_task"."deadline", "task_manager_task"."created_at" FROM "task_manager_task" ORDER BY "task_manager_task"."created_at" DESC LIMIT 1000; args=(); alias=default
DEBUG 2026-06-24 06:16:40,452 django.db.backends (0.000) SELECT "task_manager_subtask"."id", "task_manager_subtask"."title", "task_manager_subtask"."description", "task_manager_subtask"."task_id", "task_manager_subtask"."status", "task_manager_subtask"."deadline", "task_manager_subtask"."created_at" FROM "task_manager_subtask" ORDER BY "task_manager_subtask"."created_at" DESC LIMIT 7; args=(); alias=default
DEBUG 2026-06-24 06:16:40,458 django.db.backends (0.000) SELECT "task_manager_task"."id", "task_manager_task"."title", "task_manager_task"."description", "task_manager_task"."status", "task_manager_task"."deadline", "task_manager_task"."created_at" FROM "task_manager_task" ORDER BY "task_manager_task"."created_at" DESC LIMIT 1000; args=(); alias=default
DEBUG 2026-06-24 06:17:06,097 django.db.backends (0.000) SELECT "task_manager_subtask"."id", "task_manager_subtask"."title", "task_manager_subtask"."description", "task_manager_subtask"."task_id", "task_manager_subtask"."status", "task_manager_subtask"."deadline", "task_manager_subtask"."created_at" FROM "task_manager_subtask" WHERE "task_manager_subtask"."id" = 9 LIMIT 21; args=(9,); alias=default
DEBUG 2026-06-24 06:17:06,100 django.db.backends (0.000) SELECT "task_manager_task"."id", "task_manager_task"."title", "task_manager_task"."description", "task_manager_task"."status", "task_manager_task"."deadline", "task_manager_task"."created_at" FROM "task_manager_task" ORDER BY "task_manager_task"."created_at" DESC LIMIT 1000; args=(); alias=default
DEBUG 2026-06-24 06:17:14,008 django.db.backends (0.000) SELECT "task_manager_subtask"."id", "task_manager_subtask"."title", "task_manager_subtask"."description", "task_manager_subtask"."task_id", "task_manager_subtask"."status", "task_manager_subtask"."deadline", "task_manager_subtask"."created_at" FROM "task_manager_subtask" ORDER BY "task_manager_subtask"."created_at" DESC LIMIT 7; args=(); alias=default
DEBUG 2026-06-24 06:17:14,020 django.db.backends (0.015) SELECT "task_manager_task"."id", "task_manager_task"."title", "task_manager_task"."description", "task_manager_task"."status", "task_manager_task"."deadline", "task_manager_task"."created_at" FROM "task_manager_task" ORDER BY "task_manager_task"."created_at" DESC LIMIT 1000; args=(); alias=default
DEBUG 2026-06-24 06:19:17,550 django.db.backends (0.000) SELECT "task_manager_task"."id", "task_manager_task"."title", "task_manager_task"."description", "task_manager_task"."status", "task_manager_task"."deadline", "task_manager_task"."created_at" FROM "task_manager_task" WHERE "task_manager_task"."id" = 3 LIMIT 21; args=(3,); alias=default
DEBUG 2026-06-24 06:19:17,550 django.db.backends (0.000) SELECT 1 AS "a" FROM "task_manager_subtask" WHERE "task_manager_subtask"."title" = 'Repeat all' LIMIT 1; args=(1, 'Repeat all'); alias=default
DEBUG 2026-06-24 06:19:17,557 django.db.backends (0.016) INSERT INTO "task_manager_subtask" ("title", "description", "task_id", "status", "deadline", "created_at") VALUES ('Repeat all', 'more practice', 3, 'In_progress', '2026-06-30 06:18:00', '2026-06-24 04:19:17.550416') RETURNING "task_manager_subtask"."id"; args=('Repeat all', 'more practice', 3, 'In_progress', '2026-06-30 06:18:00', '2026-06-24 04:19:17.550416'); alias=default
DEBUG 2026-06-24 06:19:17,567 django.db.backends (0.015) SELECT "task_manager_task"."id", "task_manager_task"."title", "task_manager_task"."description", "task_manager_task"."status", "task_manager_task"."deadline", "task_manager_task"."created_at" FROM "task_manager_task" ORDER BY "task_manager_task"."created_at" DESC LIMIT 1000; args=(); alias=default
DEBUG 2026-06-24 06:19:38,725 django.db.backends (0.016) SELECT "task_manager_subtask"."id", "task_manager_subtask"."title", "task_manager_subtask"."description", "task_manager_subtask"."task_id", "task_manager_subtask"."status", "task_manager_subtask"."deadline", "task_manager_subtask"."created_at" FROM "task_manager_subtask" ORDER BY "task_manager_subtask"."created_at" DESC LIMIT 7; args=(); alias=default
DEBUG 2026-06-24 06:19:38,725 django.db.backends (0.000) SELECT "task_manager_task"."id", "task_manager_task"."title", "task_manager_task"."description", "task_manager_task"."status", "task_manager_task"."deadline", "task_manager_task"."created_at" FROM "task_manager_task" ORDER BY "task_manager_task"."created_at" DESC LIMIT 1000; args=(); alias=default
DEBUG 2026-06-24 06:21:27,554 django.db.backends (0.000) SELECT "task_manager_task"."id", "task_manager_task"."title", "task_manager_task"."description", "task_manager_task"."status", "task_manager_task"."deadline", "task_manager_task"."created_at" FROM "task_manager_task" WHERE "task_manager_task"."id" = 2 LIMIT 21; args=(2,); alias=default
DEBUG 2026-06-24 06:21:27,566 django.db.backends (0.015) SELECT "task_manager_task"."id", "task_manager_task"."title", "task_manager_task"."description", "task_manager_task"."status", "task_manager_task"."deadline", "task_manager_task"."created_at" FROM "task_manager_task" ORDER BY "task_manager_task"."created_at" DESC LIMIT 1000; args=(); alias=default
DEBUG 2026-06-24 06:21:42,704 django.db.backends (0.000) SELECT "task_manager_task"."id", "task_manager_task"."title", "task_manager_task"."description", "task_manager_task"."status", "task_manager_task"."deadline", "task_manager_task"."created_at" FROM "task_manager_task" WHERE "task_manager_task"."id" = 2 LIMIT 21; args=(2,); alias=default
DEBUG 2026-06-24 06:21:42,704 django.db.backends (0.000) SELECT 1 AS "a" FROM "task_manager_subtask" WHERE "task_manager_subtask"."title" = 'wash the robot' LIMIT 1; args=(1, 'wash the robot'); alias=default
DEBUG 2026-06-24 06:21:42,717 django.db.backends (0.016) INSERT INTO "task_manager_subtask" ("title", "description", "task_id", "status", "deadline", "created_at") VALUES ('wash the robot', 'wash the robot', 2, 'In_progress', '2026-06-28 06:20:00', '2026-06-24 04:21:42.704841') RETURNING "task_manager_subtask"."id"; args=('wash the robot', 'wash the robot', 2, 'In_progress', '2026-06-28 06:20:00', '2026-06-24 04:21:42.704841'); alias=default
DEBUG 2026-06-24 06:21:42,734 django.db.backends (0.000) SELECT "task_manager_task"."id", "task_manager_task"."title", "task_manager_task"."description", "task_manager_task"."status", "task_manager_task"."deadline", "task_manager_task"."created_at" FROM "task_manager_task" ORDER BY "task_manager_task"."created_at" DESC LIMIT 1000; args=(); alias=default
DEBUG 2026-06-24 06:21:48,202 django.db.backends (0.000) SELECT "task_manager_subtask"."id", "task_manager_subtask"."title", "task_manager_subtask"."description", "task_manager_subtask"."task_id", "task_manager_subtask"."status", "task_manager_subtask"."deadline", "task_manager_subtask"."created_at" FROM "task_manager_subtask" ORDER BY "task_manager_subtask"."created_at" DESC LIMIT 7; args=(); alias=default
DEBUG 2026-06-24 06:21:48,202 django.db.backends (0.000) SELECT "task_manager_task"."id", "task_manager_task"."title", "task_manager_task"."description", "task_manager_task"."status", "task_manager_task"."deadline", "task_manager_task"."created_at" FROM "task_manager_task" ORDER BY "task_manager_task"."created_at" DESC LIMIT 1000; args=(); alias=default
DEBUG 2026-06-24 06:22:32,915 django.db.backends (0.000) SELECT "task_manager_task"."id", "task_manager_task"."title", "task_manager_task"."description", "task_manager_task"."status", "task_manager_task"."deadline", "task_manager_task"."created_at" FROM "task_manager_task" WHERE "task_manager_task"."id" = 7 LIMIT 21; args=(7,); alias=default
DEBUG 2026-06-24 06:22:32,921 django.db.backends (0.000) SELECT "task_manager_task"."id", "task_manager_task"."title", "task_manager_task"."description", "task_manager_task"."status", "task_manager_task"."deadline", "task_manager_task"."created_at" FROM "task_manager_task" ORDER BY "task_manager_task"."created_at" DESC LIMIT 1000; args=(); alias=default
DEBUG 2026-06-24 06:23:17,704 django.db.backends (0.000) SELECT "task_manager_task"."id", "task_manager_task"."title", "task_manager_task"."description", "task_manager_task"."status", "task_manager_task"."deadline", "task_manager_task"."created_at" FROM "task_manager_task" WHERE "task_manager_task"."id" = 7 LIMIT 21; args=(7,); alias=default
DEBUG 2026-06-24 06:23:17,704 django.db.backends (0.000) SELECT 1 AS "a" FROM "task_manager_subtask" WHERE "task_manager_subtask"."title" = 'check all solutions' LIMIT 1; args=(1, 'check all solutions'); alias=default
DEBUG 2026-06-24 06:23:17,719 django.db.backends (0.016) INSERT INTO "task_manager_subtask" ("title", "description", "task_id", "status", "deadline", "created_at") VALUES ('check all solutions', 'check all solutions', 7, 'In_progress', '2026-06-26 06:22:00', '2026-06-24 04:23:17.704720') RETURNING "task_manager_subtask"."id"; args=('check all solutions', 'check all solutions', 7, 'In_progress', '2026-06-26 06:22:00', '2026-06-24 04:23:17.704720'); alias=default
DEBUG 2026-06-24 06:23:17,719 django.db.backends (0.000) SELECT "task_manager_task"."id", "task_manager_task"."title", "task_manager_task"."description", "task_manager_task"."status", "task_manager_task"."deadline", "task_manager_task"."created_at" FROM "task_manager_task" ORDER BY "task_manager_task"."created_at" DESC LIMIT 1000; args=(); alias=default
DEBUG 2026-06-24 06:23:27,028 django.db.backends (0.000) SELECT "task_manager_subtask"."id", "task_manager_subtask"."title", "task_manager_subtask"."description", "task_manager_subtask"."task_id", "task_manager_subtask"."status", "task_manager_subtask"."deadline", "task_manager_subtask"."created_at" FROM "task_manager_subtask" ORDER BY "task_manager_subtask"."created_at" DESC LIMIT 7; args=(); alias=default
DEBUG 2026-06-24 06:23:27,028 django.db.backends (0.000) SELECT "task_manager_task"."id", "task_manager_task"."title", "task_manager_task"."description", "task_manager_task"."status", "task_manager_task"."deadline", "task_manager_task"."created_at" FROM "task_manager_task" ORDER BY "task_manager_task"."created_at" DESC LIMIT 1000; args=(); alias=default
DEBUG 2026-06-24 06:24:45,997 django.db.backends (0.000) SELECT "task_manager_task"."id", "task_manager_task"."title", "task_manager_task"."description", "task_manager_task"."status", "task_manager_task"."deadline", "task_manager_task"."created_at" FROM "task_manager_task" ORDER BY "task_manager_task"."created_at" DESC LIMIT 7; args=(); alias=default
DEBUG 2026-06-24 06:24:50,792 django.db.backends (0.000) SELECT "task_manager_task"."id", "task_manager_task"."title", "task_manager_task"."description", "task_manager_task"."status", "task_manager_task"."deadline", "task_manager_task"."created_at" FROM "task_manager_task" WHERE "task_manager_task"."created_at" < '2026-05-11 09:38:20.707774' ORDER BY "task_manager_task"."created_at" DESC LIMIT 7; args=('2026-05-11 09:38:20.707774',); alias=default
DEBUG 2026-06-24 06:24:54,174 django.db.backends (0.000) SELECT "task_manager_task"."id", "task_manager_task"."title", "task_manager_task"."description", "task_manager_task"."status", "task_manager_task"."deadline", "task_manager_task"."created_at" FROM "task_manager_task" WHERE "task_manager_task"."created_at" > '2026-05-11 09:37:28.829628' ORDER BY "task_manager_task"."created_at" ASC LIMIT 7; args=('2026-05-11 09:37:28.829628',); alias=default
DEBUG 2026-06-24 06:26:21,416 django.db.backends (0.000) SELECT "task_manager_task"."id", "task_manager_task"."title", "task_manager_task"."description", "task_manager_task"."status", "task_manager_task"."deadline", "task_manager_task"."created_at" FROM "task_manager_task" WHERE "task_manager_task"."id" = 8 LIMIT 21; args=(8,); alias=default
DEBUG 2026-06-24 06:26:21,419 django.db.backends (0.000) SELECT 1 AS "a" FROM "task_manager_subtask" WHERE "task_manager_subtask"."title" = 'check your tennis racket' LIMIT 1; args=(1, 'check your tennis racket'); alias=default
DEBUG 2026-06-24 06:26:21,419 django.db.backends (0.000) INSERT INTO "task_manager_subtask" ("title", "description", "task_id", "status", "deadline", "created_at") VALUES ('check your tennis racket', 'check your tennis racket', 8, 'In_progress', '2026-06-25 06:25:00', '2026-06-24 04:26:21.419239') RETURNING "task_manager_subtask"."id"; args=('check your tennis racket', 'check your tennis racket', 8, 'In_progress', '2026-06-25 06:25:00', '2026-06-24 04:26:21.419239'); alias=default
DEBUG 2026-06-24 06:26:21,433 django.db.backends (0.000) SELECT "task_manager_task"."id", "task_manager_task"."title", "task_manager_task"."description", "task_manager_task"."status", "task_manager_task"."deadline", "task_manager_task"."created_at" FROM "task_manager_task" ORDER BY "task_manager_task"."created_at" DESC LIMIT 1000; args=(); alias=default
DEBUG 2026-06-24 06:26:26,905 django.db.backends (0.000) SELECT "task_manager_subtask"."id", "task_manager_subtask"."title", "task_manager_subtask"."description", "task_manager_subtask"."task_id", "task_manager_subtask"."status", "task_manager_subtask"."deadline", "task_manager_subtask"."created_at" FROM "task_manager_subtask" ORDER BY "task_manager_subtask"."created_at" DESC LIMIT 7; args=(); alias=default
DEBUG 2026-06-24 06:26:26,913 django.db.backends (0.000) SELECT "task_manager_task"."id", "task_manager_task"."title", "task_manager_task"."description", "task_manager_task"."status", "task_manager_task"."deadline", "task_manager_task"."created_at" FROM "task_manager_task" ORDER BY "task_manager_task"."created_at" DESC LIMIT 1000; args=(); alias=default
DEBUG 2026-06-24 06:26:32,160 django.db.backends (0.016) SELECT "task_manager_subtask"."id", "task_manager_subtask"."title", "task_manager_subtask"."description", "task_manager_subtask"."task_id", "task_manager_subtask"."status", "task_manager_subtask"."deadline", "task_manager_subtask"."created_at" FROM "task_manager_subtask" WHERE "task_manager_subtask"."created_at" < '2026-06-15 17:13:14.926469' ORDER BY "task_manager_subtask"."created_at" DESC LIMIT 7; args=('2026-06-15 17:13:14.926469',); alias=default
DEBUG 2026-06-24 06:26:32,167 django.db.backends (0.000) SELECT "task_manager_task"."id", "task_manager_task"."title", "task_manager_task"."description", "task_manager_task"."status", "task_manager_task"."deadline", "task_manager_task"."created_at" FROM "task_manager_task" ORDER BY "task_manager_task"."created_at" DESC LIMIT 1000; args=(); alias=default
DEBUG 2026-06-24 06:26:50,713 django.db.backends (0.000) SELECT "task_manager_subtask"."id", "task_manager_subtask"."title", "task_manager_subtask"."description", "task_manager_subtask"."task_id", "task_manager_subtask"."status", "task_manager_subtask"."deadline", "task_manager_subtask"."created_at" FROM "task_manager_subtask" WHERE "task_manager_subtask"."created_at" < '2026-06-15 17:13:14.926469' ORDER BY "task_manager_subtask"."created_at" DESC LIMIT 7; args=('2026-06-15 17:13:14.926469',); alias=default
DEBUG 2026-06-24 06:26:50,714 django.db.backends (0.000) SELECT "task_manager_task"."id", "task_manager_task"."title", "task_manager_task"."description", "task_manager_task"."status", "task_manager_task"."deadline", "task_manager_task"."created_at" FROM "task_manager_task" ORDER BY "task_manager_task"."created_at" DESC LIMIT 1000; args=(); alias=default
DEBUG 2026-06-24 06:26:57,548 django.db.backends (0.000) SELECT "task_manager_subtask"."id", "task_manager_subtask"."title", "task_manager_subtask"."description", "task_manager_subtask"."task_id", "task_manager_subtask"."status", "task_manager_subtask"."deadline", "task_manager_subtask"."created_at" FROM "task_manager_subtask" ORDER BY "task_manager_subtask"."created_at" DESC LIMIT 7; args=(); alias=default
DEBUG 2026-06-24 06:26:57,555 django.db.backends (0.000) SELECT "task_manager_task"."id", "task_manager_task"."title", "task_manager_task"."description", "task_manager_task"."status", "task_manager_task"."deadline", "task_manager_task"."created_at" FROM "task_manager_task" ORDER BY "task_manager_task"."created_at" DESC LIMIT 1000; args=(); alias=default
DEBUG 2026-06-24 06:27:14,995 django.db.backends (0.000) SELECT "task_manager_category"."id", "task_manager_category"."name", "task_manager_category"."is_deleted", "task_manager_category"."deleted_at" FROM "task_manager_category" WHERE NOT "task_manager_category"."is_deleted" ORDER BY "task_manager_category"."name" ASC LIMIT 7; args=(); alias=default
DEBUG 2026-06-24 06:27:55,781 django.db.backends (0.000) SELECT 1 AS "a" FROM "task_manager_category" WHERE (NOT "task_manager_category"."is_deleted" AND "task_manager_category"."name" = 'Home') LIMIT 1; args=(1, 'Home'); alias=default
DEBUG 2026-06-24 06:27:55,787 django.db.backends (0.000) INSERT INTO "task_manager_category" ("name", "is_deleted", "deleted_at") VALUES ('Home', 0, '2026-06-24 06:27:00') RETURNING "task_manager_category"."id"; args=('Home', False, '2026-06-24 06:27:00'); alias=default
DEBUG 2026-06-24 06:28:02,849 django.db.backends (0.000) SELECT "task_manager_category"."id", "task_manager_category"."name", "task_manager_category"."is_deleted", "task_manager_category"."deleted_at" FROM "task_manager_category" WHERE NOT "task_manager_category"."is_deleted" ORDER BY "task_manager_category"."name" ASC LIMIT 7; args=(); alias=default
DEBUG 2026-06-24 06:28:26,651 django.db.backends (0.000) SELECT 1 AS "a" FROM "task_manager_category" WHERE (NOT "task_manager_category"."is_deleted" AND "task_manager_category"."name" = 'Events') LIMIT 1; args=(1, 'Events'); alias=default
DEBUG 2026-06-24 06:28:26,653 django.db.backends (0.000) INSERT INTO "task_manager_category" ("name", "is_deleted", "deleted_at") VALUES ('Events', 0, '2026-06-24 06:28:00') RETURNING "task_manager_category"."id"; args=('Events', False, '2026-06-24 06:28:00'); alias=default
DEBUG 2026-06-24 06:28:31,269 django.db.backends (0.000) SELECT "task_manager_category"."id", "task_manager_category"."name", "task_manager_category"."is_deleted", "task_manager_category"."deleted_at" FROM "task_manager_category" WHERE NOT "task_manager_category"."is_deleted" ORDER BY "task_manager_category"."name" ASC LIMIT 7; args=(); alias=default
DEBUG 2026-06-24 06:29:09,297 django.db.backends (0.000) SELECT 1 AS "a" FROM "task_manager_category" WHERE (NOT "task_manager_category"."is_deleted" AND "task_manager_category"."name" = 'test_event2') LIMIT 1; args=(1, 'test_event2'); alias=default
DEBUG 2026-06-24 06:29:09,302 django.db.backends (0.016) INSERT INTO "task_manager_category" ("name", "is_deleted", "deleted_at") VALUES ('test_event2', 0, '2026-06-24 06:29:00') RETURNING "task_manager_category"."id"; args=('test_event2', False, '2026-06-24 06:29:00'); alias=default
DEBUG 2026-06-24 06:29:13,342 django.db.backends (0.000) SELECT "task_manager_category"."id", "task_manager_category"."name", "task_manager_category"."is_deleted", "task_manager_category"."deleted_at" FROM "task_manager_category" WHERE NOT "task_manager_category"."is_deleted" ORDER BY "task_manager_category"."name" ASC LIMIT 7; args=(); alias=default
DEBUG 2026-06-24 06:29:17,829 django.db.backends (0.000) SELECT "task_manager_category"."id", "task_manager_category"."name", "task_manager_category"."is_deleted", "task_manager_category"."deleted_at" FROM "task_manager_category" WHERE (NOT "task_manager_category"."is_deleted" AND "task_manager_category"."name" > 'test_event') ORDER BY "task_manager_category"."name" ASC LIMIT 7; args=('test_event',); alias=default
DEBUG 2026-06-24 06:29:20,542 django.db.backends (0.000) SELECT "task_manager_category"."id", "task_manager_category"."name", "task_manager_category"."is_deleted", "task_manager_category"."deleted_at" FROM "task_manager_category" WHERE (NOT "task_manager_category"."is_deleted" AND "task_manager_category"."name" < 'test_event2') ORDER BY "task_manager_category"."name" DESC LIMIT 7; args=('test_event2',); alias=default
