WARNING 2026-06-23 20:23:20,106 django.request Not Found: /
WARNING 2026-06-23 20:23:20,311 django.request Not Found: /favicon.ico
ERROR 2026-06-23 20:23:34,691 django.request Internal Server Error: /api/tasks/
Traceback (most recent call last):
  File "C:\Users\Viktoriia\Desktop\ICH\NEW_Django\.venv\Lib\site-packages\django\core\handlers\exception.py", line 55, in inner
    response = get_response(request)
               ^^^^^^^^^^^^^^^^^^^^^
  File "C:\Users\Viktoriia\Desktop\ICH\NEW_Django\.venv\Lib\site-packages\django\core\handlers\base.py", line 198, in _get_response
    response = wrapped_callback(request, *callback_args, **callback_kwargs)
               ^^^^^^^^^^^^^^^^^^^^^^^^^^^^^^^^^^^^^^^^^^^^^^^^^^^^^^^^^^^^
  File "C:\Users\Viktoriia\Desktop\ICH\NEW_Django\.venv\Lib\site-packages\django\views\decorators\csrf.py", line 65, in _view_wrapper
    return view_func(request, *args, **kwargs)
           ^^^^^^^^^^^^^^^^^^^^^^^^^^^^^^^^^^^
  File "C:\Users\Viktoriia\Desktop\ICH\NEW_Django\.venv\Lib\site-packages\django\views\generic\base.py", line 106, in view
    return self.dispatch(request, *args, **kwargs)
           ^^^^^^^^^^^^^^^^^^^^^^^^^^^^^^^^^^^^^^^
  File "C:\Users\Viktoriia\Desktop\ICH\NEW_Django\.venv\Lib\site-packages\rest_framework\views.py", line 515, in dispatch
    response = self.handle_exception(exc)
               ^^^^^^^^^^^^^^^^^^^^^^^^^^
  File "C:\Users\Viktoriia\Desktop\ICH\NEW_Django\.venv\Lib\site-packages\rest_framework\views.py", line 475, in handle_exception
    self.raise_uncaught_exception(exc)
  File "C:\Users\Viktoriia\Desktop\ICH\NEW_Django\.venv\Lib\site-packages\rest_framework\views.py", line 486, in raise_uncaught_exception
    raise exc
  File "C:\Users\Viktoriia\Desktop\ICH\NEW_Django\.venv\Lib\site-packages\rest_framework\views.py", line 512, in dispatch
    response = handler(request, *args, **kwargs)
               ^^^^^^^^^^^^^^^^^^^^^^^^^^^^^^^^^
  File "C:\Users\Viktoriia\Desktop\ICH\NEW_Django\.venv\Lib\site-packages\rest_framework\generics.py", line 243, in get
    return self.list(request, *args, **kwargs)
           ^^^^^^^^^^^^^^^^^^^^^^^^^^^^^^^^^^^
  File "C:\Users\Viktoriia\Desktop\ICH\NEW_Django\.venv\Lib\site-packages\rest_framework\mixins.py", line 40, in list
    page = self.paginate_queryset(queryset)
           ^^^^^^^^^^^^^^^^^^^^^^^^^^^^^^^^
  File "C:\Users\Viktoriia\Desktop\ICH\NEW_Django\.venv\Lib\site-packages\rest_framework\generics.py", line 175, in paginate_queryset
    return self.paginator.paginate_queryset(queryset, self.request, view=self)
           ^^^^^^^^^^^^^^^^^^^^^^^^^^^^^^^^^^^^^^^^^^^^^^^^^^^^^^^^^^^^^^^^^^^
  File "C:\Users\Viktoriia\Desktop\ICH\NEW_Django\.venv\Lib\site-packages\rest_framework\pagination.py", line 565, in paginate_queryset
    queryset = queryset.order_by(*self.ordering)
               ^^^^^^^^^^^^^^^^^^^^^^^^^^^^^^^^^
  File "C:\Users\Viktoriia\Desktop\ICH\NEW_Django\.venv\Lib\site-packages\django\db\models\query.py", line 1772, in order_by
    obj.query.add_ordering(*field_names)
  File "C:\Users\Viktoriia\Desktop\ICH\NEW_Django\.venv\Lib\site-packages\django\db\models\sql\query.py", line 2343, in add_ordering
    self.names_to_path(item.split(LOOKUP_SEP), self.model._meta)
  File "C:\Users\Viktoriia\Desktop\ICH\NEW_Django\.venv\Lib\site-packages\django\db\models\sql\query.py", line 1842, in names_to_path
    raise FieldError(
django.core.exceptions.FieldError: Cannot resolve keyword 'created' into field. Choices are: categories, created_at, deadline, description, id, status, subtask, title
WARNING 2026-06-23 20:35:45,408 django.request Not Found: /
WARNING 2026-06-23 20:37:05,695 django.request Bad Request: /api/tasks/
WARNING 2026-06-24 06:01:17,730 django.request Not Found: /
WARNING 2026-06-24 06:01:18,038 django.request Not Found: /favicon.ico
WARNING 2026-06-24 06:17:06,115 django.request Not Found: /api/subtasks/9/
WARNING 2026-06-24 06:21:27,569 django.request Bad Request: /api/subtasks/
WARNING 2026-06-24 06:22:32,924 django.request Bad Request: /api/subtasks/
